// Jest Snapshot v1, https://goo.gl/fbAQLP

exports[`Login should match snapshot 1`] = `
<form
  className="signin-form"
  onSubmit={[Function]}
>
  <div
    className="create-header"
  >
    <h1
      className="form-title"
    >
       Log in 
    </h1>
  </div>
  <h3
    className="error-msg"
  />
  <input
    className="email-input"
    name="email"
    onChange={[Function]}
    placeholder="email"
    type="text"
    value=""
  />
  <input
    name="password"
    onChange={[Function]}
    placeholder="password"
    type="password"
    value=""
  />
  <button
    className="submit-btn"
  >
     Submit 
  </button>
</form>
`;
